{
  "version": "1.5.0",
  "plugins_used": [
    {
      "name": "ArtifactoryDetector"
    },
    {
      "name": "AWSKeyDetector"
    },
    {
      "name": "AzureStorageKeyDetector"
    },
    {
      "name": "Base64HighEntropyString",
      "limit": 4.5
    },
    {
      "name": "BasicAuthDetector"
    },
    {
      "name": "CloudantDetector"
    },
    {
      "name": "DiscordBotTokenDetector"
    },
    {
      "name": "GitHubTokenDetector"
    },
    {
      "name": "GitLabTokenDetector"
    },
    {
      "name": "HexHighEntropyString",
      "limit": 3.0
    },
    {
      "name": "IbmCloudIamDetector"
    },
    {
      "name": "IbmCosHmacDetector"
    },
    {
      "name": "IPPublicDetector"
    },
    {
      "name": "JwtTokenDetector"
    },
    {
      "name": "KeywordDetector",
      "keyword_exclude": ""
    },
    {
      "name": "MailchimpDetector"
    },
    {
      "name": "NpmDetector"
    },
    {
      "name": "OpenAIDetector"
    },
    {
      "name": "PrivateKeyDetector"
    },
    {
      "name": "PypiTokenDetector"
    },
    {
      "name": "SendGridDetector"
    },
    {
      "name": "SlackDetector"
    },
    {
      "name": "SoftlayerDetector"
    },
    {
      "name": "SquareOAuthDetector"
    },
    {
      "name": "StripeDetector"
    },
    {
      "name": "TelegramBotTokenDetector"
    },
    {
      "name": "TwilioKeyDetector"
    }
  ],
  "filters_used": [
    {
      "path": "detect_secrets.filters.allowlist.is_line_allowlisted"
    },
    {
      "path": "detect_secrets.filters.common.is_ignored_due_to_verification_policies",
      "min_level": 2
    },
    {
      "path": "detect_secrets.filters.heuristic.is_indirect_reference"
    },
    {
      "path": "detect_secrets.filters.heuristic.is_likely_id_string"
    },
    {
      "path": "detect_secrets.filters.heuristic.is_lock_file"
    },
    {
      "path": "detect_secrets.filters.heuristic.is_not_alphanumeric_string"
    },
    {
      "path": "detect_secrets.filters.heuristic.is_potential_uuid"
    },
    {
      "path": "detect_secrets.filters.heuristic.is_prefixed_with_dollar_sign"
    },
    {
      "path": "detect_secrets.filters.heuristic.is_sequential_string"
    },
    {
      "path": "detect_secrets.filters.heuristic.is_swagger_file"
    },
    {
      "path": "detect_secrets.filters.heuristic.is_templated_secret"
    },
    {
      "path": "detect_secrets.filters.regex.should_exclude_file",
      "pattern": [
        "^(runs/|old/|LHCRecastBench/tools/sim/(delphes|MG5_aMC_v3_7_0)/)"
      ]
    }
  ],
  "results": {
    "LHCRecastBench/papers/CMS-SUS-16-047/artifacts/agentic_eval/score.json": [
      {
        "type": "Base64 High Entropy String",
        "filename": "LHCRecastBench/papers/CMS-SUS-16-047/artifacts/agentic_eval/score.json",
        "hashed_secret": "97ce249fe7938c947aa9dd1556a5dca801853080",
        "is_verified": false,
        "line_number": 3
      }
    ],
    "LHCRecastBench/tools/sim/pythia8313/include/Pythia8Plugins/LHAPowheg.h": [
      {
        "type": "Base64 High Entropy String",
        "filename": "LHCRecastBench/tools/sim/pythia8313/include/Pythia8Plugins/LHAPowheg.h",
        "hashed_secret": "34bfbafb99bd082f6a8d2aed737fea265111be2a",
        "is_verified": false,
        "line_number": 200
      }
    ],
    "LHCRecastBench/tools/sim/pythia8313/install/include/Pythia8Plugins/LHAPowheg.h": [
      {
        "type": "Base64 High Entropy String",
        "filename": "LHCRecastBench/tools/sim/pythia8313/install/include/Pythia8Plugins/LHAPowheg.h",
        "hashed_secret": "34bfbafb99bd082f6a8d2aed737fea265111be2a",
        "is_verified": false,
        "line_number": 200
      }
    ]
  },
  "generated_at": "2026-04-20T19:26:41Z"
}
